Resolved 1 package in 2ms
   Building mysglang @ file:///root/autodl-tmp/mysglang
      Built mysglang @ file:///root/autodl-tmp/mysglang
Prepared 1 package in 924ms
Installed 1 package in 3ms
 + mysglang==0.1.0 (from file:///root/autodl-tmp/mysglang)
Resolved 40 packages in 21ms
Downloading numpy (15.9MiB)
Downloading ruff (9.8MiB)
Downloading transformers (11.7MiB)
Downloading hf-xet (4.3MiB)
 Downloaded hf-xet
 Downloaded ruff
 Downloaded transformers
 Downloaded numpy
Prepared 4 packages in 6.80s
Installed 40 packages in 603ms
 + annotated-doc==0.0.5
 + annotated-types==0.8.0
 + anyio==4.15.1
 + certifi==2026.7.22
 + click==8.5.0
 + fastapi==0.141.1
 + filelock==4.0.1
 + fsspec==2026.9.0
 + h11==0.16.0
 + hf-xet==1.6.0
 + httpcore==1.0.9
 + httpx==0.28.1
 + huggingface-hub==1.32.0
 + idna==3.20
 + iniconfig==2.3.0
 + markdown-it-py==4.2.0
 + mdurl==0.1.2
 + ninja==1.13.2
 + numpy==2.5.3
 + packaging==26.3
 + pluggy==1.6.0
 + psutil==7.2.2
 + pydantic==2.13.5
 + pydantic-core==2.46.5
 + pygments==2.21.0
 + pytest==9.1.1
 + pyyaml==6.0.3
 + regex==2026.9.10
 + rich==15.0.0
 + ruff==0.16.8
 + safetensors==0.8.0
 + shellingham==1.5.4
 + starlette==1.6.0
 + tokenizers==0.23.2
 + tqdm==4.70.1
 + transformers==5.17.0
 + typer==0.27.2
 + typing-extensions==4.16.0
 + typing-inspection==0.4.4
 + uvicorn==0.53.0
